This should go to logs
["one","two","--three"]
Array [Number 4.0,Number 5.0,Number 6.0]
